[
  {
    "tag": "ftl-desk",
    "pickup": "Long Beach, CA 90802, USA",
    "delivery": "Phoenix, AZ 85001, USA",
    "err1": "",
    "resultVisible": true,
    "resultText": "ESTIMATED TOTAL $1,452.96 Pickup 2–3 business days Delivery Approx. 417 mi · FTL · 53' Dry Van Est. transit: 2–3 business days — estimate only, not guaranteed Linehaul $1,219.02 Fuel surcharge $233.94 Total $1,452.96 Get this quote in writing Edit details TERMS This quote is subject to the availability of the requested services and equipment at the",
    "err2": ""
  },
  {
    "tag": "expedited-desk",
    "pickup": "Long Beach, CA 90802, USA",
    "delivery": "Phoenix, AZ 85001, USA",
    "err1": "",
    "resultVisible": true,
    "resultText": "ESTIMATED TOTAL $1,612.73 Pickup 1–2 business days Delivery Approx. 417 mi · Expedite · Sprinter / Cargo Van Est. transit: 1–2 business days — estimate only, not guaranteed Linehaul $1,398.81 Fuel surcharge $213.92 Total $1,612.73 Get this quote in writing Edit details TERMS This quote is subject to the availability of the requested services and eq",
    "err2": ""
  },
  {
    "tag": "hotshot-desk",
    "pickup": "Long Beach, CA 90802, USA",
    "delivery": "Phoenix, AZ 85001, USA",
    "err1": "",
    "resultVisible": true,
    "resultText": "ESTIMATED TOTAL $1,521.13 Pickup 1–2 business days Delivery Approx. 417 mi · Hotshot · Hotshot (Class-3 dually + flatbed) Est. transit: 1–2 business days — estimate only, not guaranteed Linehaul $1,282.61 Fuel surcharge $238.52 Total $1,521.13 Get this quote in writing Edit details TERMS This quote is subject to the availability of the requested se",
    "err2": ""
  },
  {
    "tag": "ftl-mob",
    "pickup": "Long Beach, CA 90802, USA",
    "delivery": "Phoenix, AZ 85001, USA",
    "err1": "",
    "resultVisible": true,
    "resultText": "ESTIMATED TOTAL $1,452.96 Pickup 2–3 business days Delivery Approx. 417 mi · FTL · 53' Dry Van Est. transit: 2–3 business days — estimate only, not guaranteed Linehaul $1,219.02 Fuel surcharge $233.94 Total $1,452.96 Get this quote in writing Edit details TERMS This quote is subject to the availability of the requested services and equipment at the",
    "err2": ""
  },
  {
    "tag": "expedited-mob",
    "pickup": "Long Beach, CA 90802, USA",
    "delivery": "Phoenix, AZ 85001, USA",
    "err1": "",
    "resultVisible": true,
    "resultText": "ESTIMATED TOTAL $1,612.73 Pickup 1–2 business days Delivery Approx. 417 mi · Expedite · Sprinter / Cargo Van Est. transit: 1–2 business days — estimate only, not guaranteed Linehaul $1,398.81 Fuel surcharge $213.92 Total $1,612.73 Get this quote in writing Edit details TERMS This quote is subject to the availability of the requested services and eq",
    "err2": ""
  },
  {
    "tag": "hotshot-mob",
    "pickup": "Long Beach, CA 90802, USA",
    "delivery": "Phoenix, AZ 85001, USA",
    "err1": "",
    "resultVisible": true,
    "resultText": "ESTIMATED TOTAL $1,521.13 Pickup 1–2 business days Delivery Approx. 417 mi · Hotshot · Hotshot (Class-3 dually + flatbed) Est. transit: 1–2 business days — estimate only, not guaranteed Linehaul $1,282.61 Fuel surcharge $238.52 Total $1,521.13 Get this quote in writing Edit details TERMS This quote is subject to the availability of the requested se",
    "err2": ""
  }
]
